[2026-03-24T09:39:24.751] error: NVML: Failed to get Compute running process count(3): Not Supported
[2026-03-24T09:39:24.755] error: NVML: Failed to get Compute running process count(3): Not Supported
[2026-03-24T09:39:35.897] error: NVML: Failed to get Compute running process count(3): Not Supported
[2026-03-24T09:39:35.902] error: NVML: Failed to get Compute running process count(3): Not Supported
Traceback (most recent call last):
  File "/storage/project/r-gchou3-0/spanse30/ptt_env/lib/python3.8/site-packages/torch/cuda/__init__.py", line 311, in _lazy_init
    queued_call()
  File "/storage/project/r-gchou3-0/spanse30/ptt_env/lib/python3.8/site-packages/torch/cuda/__init__.py", line 180, in _check_capability
    capability = get_device_capability(d)
  File "/storage/project/r-gchou3-0/spanse30/ptt_env/lib/python3.8/site-packages/torch/cuda/__init__.py", line 435, in get_device_capability
    prop = get_device_properties(device)
  File "/storage/project/r-gchou3-0/spanse30/ptt_env/lib/python3.8/site-packages/torch/cuda/__init__.py", line 453, in get_device_properties
    return _get_device_properties(device)  # type: ignore[name-defined]
RuntimeError: device >= 0 && device < num_gpus INTERNAL ASSERT FAILED at "../aten/src/ATen/cuda/CUDAContext.cpp":50, please report a bug to PyTorch. device=1, num_gpus=

The above exception was the direct cause of the following exception:

Traceback (most recent call last):
  File "tools/train.py", line 221, in <module>
    main()
  File "tools/train.py", line 71, in main
    total_gpus, cfg.LOCAL_RANK = getattr(common_utils, 'init_dist_%s' % args.launcher)(
  File "/storage/project/r-gchou3-0/spanse30/MSF/pcdet/utils/common_utils.py", line 157, in init_dist_slurm
    torch.cuda.set_device(proc_id % num_gpus)
  File "/storage/project/r-gchou3-0/spanse30/ptt_env/lib/python3.8/site-packages/torch/cuda/__init__.py", line 404, in set_device
    torch._C._cuda_setDevice(device)
  File "/storage/project/r-gchou3-0/spanse30/ptt_env/lib/python3.8/site-packages/torch/cuda/__init__.py", line 317, in _lazy_init
    raise DeferredCudaCallError(msg) from e
torch.cuda.DeferredCudaCallError: CUDA call failed lazily at initialization with error: device >= 0 && device < num_gpus INTERNAL ASSERT FAILED at "../aten/src/ATen/cuda/CUDAContext.cpp":50, please report a bug to PyTorch. device=1, num_gpus=

CUDA call was originally invoked at:

  File "tools/train.py", line 7, in <module>
    from test import repeat_eval_ckpt
  File "<frozen importlib._bootstrap>", line 991, in _find_and_load
  File "<frozen importlib._bootstrap>", line 975, in _find_and_load_unlocked
  File "<frozen importlib._bootstrap>", line 671, in _load_unlocked
  File "<frozen importlib._bootstrap_external>", line 843, in exec_module
  File "<frozen importlib._bootstrap>", line 219, in _call_with_frames_removed
  File "/storage/project/r-gchou3-0/spanse30/MSF/tools/test.py", line 11, in <module>
    import torch
  File "<frozen importlib._bootstrap>", line 991, in _find_and_load
  File "<frozen importlib._bootstrap>", line 975, in _find_and_load_unlocked
  File "<frozen importlib._bootstrap>", line 671, in _load_unlocked
  File "<frozen importlib._bootstrap_external>", line 843, in exec_module
  File "<frozen importlib._bootstrap>", line 219, in _call_with_frames_removed
  File "/storage/project/r-gchou3-0/spanse30/ptt_env/lib/python3.8/site-packages/torch/__init__.py", line 1332, in <module>
    _C._initExtension(manager_path())
  File "<frozen importlib._bootstrap>", line 991, in _find_and_load
  File "<frozen importlib._bootstrap>", line 975, in _find_and_load_unlocked
  File "<frozen importlib._bootstrap>", line 671, in _load_unlocked
  File "<frozen importlib._bootstrap_external>", line 843, in exec_module
  File "<frozen importlib._bootstrap>", line 219, in _call_with_frames_removed
  File "/storage/project/r-gchou3-0/spanse30/ptt_env/lib/python3.8/site-packages/torch/cuda/__init__.py", line 244, in <module>
    _lazy_call(_check_capability)
  File "/storage/project/r-gchou3-0/spanse30/ptt_env/lib/python3.8/site-packages/torch/cuda/__init__.py", line 241, in _lazy_call
    _queued_calls.append((callable, traceback.format_stack()))

[2026-03-24T09:39:52.514] error: NVML: Failed to get Compute running process count(3): Not Supported
srun: error: atl1-1-01-010-35-0: task 0: Exited with exit code 1
[2026-03-24T09:39:52.527] error: NVML: Failed to get Compute running process count(3): Not Supported
