---------------------------------------
Begin Slurm Prolog: Mar-08-2026 14:18:22
Job ID:    4696094
User ID:   spanse30
Account:   gts-gchou3-ideas_l40s
Job name:  msf_waymo
Partition: gpu-l40s
QOS:       inferno
---------------------------------------
The Zen of Python, by Tim Peters

Beautiful is better than ugly.
Explicit is better than implicit.
Simple is better than complex.
Complex is better than complicated.
Flat is better than nested.
Sparse is better than dense.
Readability counts.
Special cases aren't special enough to break the rules.
Although practicality beats purity.
Errors should never pass silently.
Unless explicitly silenced.
In the face of ambiguity, refuse the temptation to guess.
There should be one-- and preferably only one --obvious way to do it.
Although that way may not be obvious at first unless you're Dutch.
Now is better than never.
Although never is often better than *right* now.
If the implementation is hard to explain, it's a bad idea.
If the implementation is easy to explain, it may be a good idea.
Namespaces are one honking great idea -- let's do more of those!
['DATA_CONFIG.ROI_BOXES_PATH.train', '/storage/project/r-gchou3-0/spanse30/OpenPCDet/output/cfgs/custom_models/centerpoint_multiframe_waymo/default/eval/epoch_36/train/default/result_fixed.pkl', 'DATA_CONFIG.ROI_BOXES_PATH.test', '/storage/project/r-gchou3-0/spanse30/OpenPCDet/output/cfgs/custom_models/centerpoint_multiframe_waymo/default/eval/epoch_36/val/default/result_fixed.pkl']
atl1-1-03-007-29-0:2934923:2934923 [0] NCCL INFO Bootstrap : Using ib0:172.27.71.154<0>
atl1-1-03-007-29-0:2934923:2934923 [0] NCCL INFO NET/Plugin : Plugin load (libnccl-net.so) returned 2 : libnccl-net.so: cannot open shared object file: No such file or directory
atl1-1-03-007-29-0:2934923:2934923 [0] NCCL INFO NET/Plugin : No plugin found, using internal implementation
atl1-1-03-007-29-0:2934923:2934923 [0] NCCL INFO cudaDriverVersion 12090
NCCL version 2.18.6+cuda12.1
atl1-1-03-007-29-0:2934923:2935337 [0] NCCL INFO NET/IB : Using [0]mlx5_0:1/IB [RO]; OOB ib0:172.27.71.154<0>
atl1-1-03-007-29-0:2934923:2935337 [0] NCCL INFO Using network IB
atl1-1-03-007-29-0:2934923:2935337 [0] NCCL INFO comm 0xc2cc61b0 rank 0 nranks 1 cudaDev 0 nvmlDev 0 busId 1e000 commId 0xcfe2d8fd8876a40a - Init START
atl1-1-03-007-29-0:2934923:2935337 [0] NCCL INFO Setting affinity for GPU 0 to ff00
atl1-1-03-007-29-0:2934923:2935337 [0] NCCL INFO Channel 00/32 :    0
atl1-1-03-007-29-0:2934923:2935337 [0] NCCL INFO Channel 01/32 :    0
atl1-1-03-007-29-0:2934923:2935337 [0] NCCL INFO Channel 02/32 :    0
atl1-1-03-007-29-0:2934923:2935337 [0] NCCL INFO Channel 03/32 :    0
atl1-1-03-007-29-0:2934923:2935337 [0] NCCL INFO Channel 04/32 :    0
atl1-1-03-007-29-0:2934923:2935337 [0] NCCL INFO Channel 05/32 :    0
atl1-1-03-007-29-0:2934923:2935337 [0] NCCL INFO Channel 06/32 :    0
atl1-1-03-007-29-0:2934923:2935337 [0] NCCL INFO Channel 07/32 :    0
atl1-1-03-007-29-0:2934923:2935337 [0] NCCL INFO Channel 08/32 :    0
atl1-1-03-007-29-0:2934923:2935337 [0] NCCL INFO Channel 09/32 :    0
atl1-1-03-007-29-0:2934923:2935337 [0] NCCL INFO Channel 10/32 :    0
atl1-1-03-007-29-0:2934923:2935337 [0] NCCL INFO Channel 11/32 :    0
atl1-1-03-007-29-0:2934923:2935337 [0] NCCL INFO Channel 12/32 :    0
atl1-1-03-007-29-0:2934923:2935337 [0] NCCL INFO Channel 13/32 :    0
atl1-1-03-007-29-0:2934923:2935337 [0] NCCL INFO Channel 14/32 :    0
atl1-1-03-007-29-0:2934923:2935337 [0] NCCL INFO Channel 15/32 :    0
atl1-1-03-007-29-0:2934923:2935337 [0] NCCL INFO Channel 16/32 :    0
atl1-1-03-007-29-0:2934923:2935337 [0] NCCL INFO Channel 17/32 :    0
atl1-1-03-007-29-0:2934923:2935337 [0] NCCL INFO Channel 18/32 :    0
atl1-1-03-007-29-0:2934923:2935337 [0] NCCL INFO Channel 19/32 :    0
atl1-1-03-007-29-0:2934923:2935337 [0] NCCL INFO Channel 20/32 :    0
atl1-1-03-007-29-0:2934923:2935337 [0] NCCL INFO Channel 21/32 :    0
atl1-1-03-007-29-0:2934923:2935337 [0] NCCL INFO Channel 22/32 :    0
atl1-1-03-007-29-0:2934923:2935337 [0] NCCL INFO Channel 23/32 :    0
atl1-1-03-007-29-0:2934923:2935337 [0] NCCL INFO Channel 24/32 :    0
atl1-1-03-007-29-0:2934923:2935337 [0] NCCL INFO Channel 25/32 :    0
atl1-1-03-007-29-0:2934923:2935337 [0] NCCL INFO Channel 26/32 :    0
atl1-1-03-007-29-0:2934923:2935337 [0] NCCL INFO Channel 27/32 :    0
atl1-1-03-007-29-0:2934923:2935337 [0] NCCL INFO Channel 28/32 :    0
atl1-1-03-007-29-0:2934923:2935337 [0] NCCL INFO Channel 29/32 :    0
atl1-1-03-007-29-0:2934923:2935337 [0] NCCL INFO Channel 30/32 :    0
atl1-1-03-007-29-0:2934923:2935337 [0] NCCL INFO Channel 31/32 :    0
atl1-1-03-007-29-0:2934923:2935337 [0] NCCL INFO Trees [0] -1/-1/-1->0->-1 [1] -1/-1/-1->0->-1 [2] -1/-1/-1->0->-1 [3] -1/-1/-1->0->-1 [4] -1/-1/-1->0->-1 [5] -1/-1/-1->0->-1 [6] -1/-1/-1->0->-1 [7] -1/-1/-1->0->-1 [8] -1/-1/-1->0->-1 [9] -1/-1/-1->0->-1 [10] -1/-1/-1->0->-1 [11] -1/-1/-1->0->-1 [12] -1/-1/-1->0->-1 [13] -1/-1/-1->0->-1 [14] -1/-1/-1->0->-1 [15] -1/-1/-1->0->-1 [16] -1/-1/-1->0->-1 [17] -1/-1/-1->0->-1 [18] -1/-1/-1->0->-1 [19] -1/-1/-1->0->-1 [20] -1/-1/-1->0->-1 [21] -1/-1/-1->0->-1 [22] -1/-1/-1->0->-1 [23] -1/-1/-1->0->-1 [24] -1/-1/-1->0->-1 [25] -1/-1/-1->0->-1 [26] -1/-1/-1->0->-1 [27] -1/-1/-1->0->-1 [28] -1/-1/-1->0->-1 [29] -1/-1/-1->0->-1 [30] -1/-1/-1->0->-1 [31] -1/-1/-1->0->-1
atl1-1-03-007-29-0:2934923:2935337 [0] NCCL INFO P2P Chunksize set to 131072
atl1-1-03-007-29-0:2934923:2935337 [0] NCCL INFO Connected all rings
atl1-1-03-007-29-0:2934923:2935337 [0] NCCL INFO Connected all trees
atl1-1-03-007-29-0:2934923:2935337 [0] NCCL INFO 32 coll channels, 0 nvls channels, 32 p2p channels, 32 p2p channels per peer
atl1-1-03-007-29-0:2934923:2935337 [0] NCCL INFO comm 0xc2cc61b0 rank 0 nranks 1 cudaDev 0 nvmlDev 0 busId 1e000 commId 0xcfe2d8fd8876a40a - Init COMPLETE
---------------------------------------
Begin Slurm Epilog: Mar-10-2026 02:18:43
Job ID:        4696094
User ID:       spanse30
Account:       gts-gchou3-ideas_l40s
Job name:      msf_waymo
Resources:     cpu=8,gres/gpu:l40s=2,mem=160G,node=1
Rsrc Used:     cput=12-00:02:24,vmem=0,walltime=1-12:00:18,mem=58972K,energy_used=0
Partition:     gpu-l40s
QOS:           inferno
Nodes:         atl1-1-03-007-29-0
---------------------------------------
